// Jest Snapshot v1, https://goo.gl/fbAQLP

exports[`pruebas en GifExpertApp Component debe hacer match con el snapshot  1`] = `
<div>
  <h1>
    GifExpertApp
  </h1>
  <form
    aria-label="form"
  >
    <input
      placeholder="Buscar gifs"
      type="text"
      value=""
    />
  </form>
  <button
    aria-label="btn-add"
  >
    Agregar
  </button>
  <h3>
    One Punch
  </h3>
  <h2>
    Cargando...
  </h2>
  <div
    class="card-grid"
  />
</div>
`;
